Archive member included to satisfy reference by file (symbol)

c:/st/stm32cubeide_1.5.1/stm32cubeide/plugins/com.st.stm32cube.ide.mcu.externaltools.gnu-tools-for-stm32.7-2018-q2-update.win32_1.5.0.202011040924/tools/bin/../lib/gcc/arm-none-eabi/7.3.1/../../../../arm-none-eabi/lib/thumb/v7e-m/fpv4-sp/hard\libc_nano.a(lib_a-errno.o)
                              Core/Src/syscalls.o (__errno)
c:/st/stm32cubeide_1.5.1/stm32cubeide/plugins/com.st.stm32cube.ide.mcu.externaltools.gnu-tools-for-stm32.7-2018-q2-update.win32_1.5.0.202011040924/tools/bin/../lib/gcc/arm-none-eabi/7.3.1/../../../../arm-none-eabi/lib/thumb/v7e-m/fpv4-sp/hard\libc_nano.a(lib_a-exit.o)
                              c:/st/stm32cubeide_1.5.1/stm32cubeide/plugins/com.st.stm32cube.ide.mcu.externaltools.gnu-tools-for-stm32.7-2018-q2-update.win32_1.5.0.202011040924/tools/bin/../lib/gcc/arm-none-eabi/7.3.1/../../../../arm-none-eabi/lib/thumb/v7e-m/fpv4-sp/hard/crt0.o (exit)
c:/st/stm32cubeide_1.5.1/stm32cubeide/plugins/com.st.stm32cube.ide.mcu.externaltools.gnu-tools-for-stm32.7-2018-q2-update.win32_1.5.0.202011040924/tools/bin/../lib/gcc/arm-none-eabi/7.3.1/../../../../arm-none-eabi/lib/thumb/v7e-m/fpv4-sp/hard\libc_nano.a(lib_a-impure.o)
                              c:/st/stm32cubeide_1.5.1/stm32cubeide/plugins/com.st.stm32cube.ide.mcu.externaltools.gnu-tools-for-stm32.7-2018-q2-update.win32_1.5.0.202011040924/tools/bin/../lib/gcc/arm-none-eabi/7.3.1/../../../../arm-none-eabi/lib/thumb/v7e-m/fpv4-sp/hard\libc_nano.a(lib_a-exit.o) (_global_impure_ptr)
c:/st/stm32cubeide_1.5.1/stm32cubeide/plugins/com.st.stm32cube.ide.mcu.externaltools.gnu-tools-for-stm32.7-2018-q2-update.win32_1.5.0.202011040924/tools/bin/../lib/gcc/arm-none-eabi/7.3.1/../../../../arm-none-eabi/lib/thumb/v7e-m/fpv4-sp/hard\libc_nano.a(lib_a-init.o)
                              c:/st/stm32cubeide_1.5.1/stm32cubeide/plugins/com.st.stm32cube.ide.mcu.externaltools.gnu-tools-for-stm32.7-2018-q2-update.win32_1.5.0.202011040924/tools/bin/../lib/gcc/arm-none-eabi/7.3.1/../../../../arm-none-eabi/lib/thumb/v7e-m/fpv4-sp/hard/crt0.o (__libc_init_array)
c:/st/stm32cubeide_1.5.1/stm32cubeide/plugins/com.st.stm32cube.ide.mcu.externaltools.gnu-tools-for-stm32.7-2018-q2-update.win32_1.5.0.202011040924/tools/bin/../lib/gcc/arm-none-eabi/7.3.1/../../../../arm-none-eabi/lib/thumb/v7e-m/fpv4-sp/hard\libc_nano.a(lib_a-memcpy-stub.o)
                              FreeRTOS/queue.o (memcpy)
c:/st/stm32cubeide_1.5.1/stm32cubeide/plugins/com.st.stm32cube.ide.mcu.externaltools.gnu-tools-for-stm32.7-2018-q2-update.win32_1.5.0.202011040924/tools/bin/../lib/gcc/arm-none-eabi/7.3.1/../../../../arm-none-eabi/lib/thumb/v7e-m/fpv4-sp/hard\libc_nano.a(lib_a-memset.o)
                              c:/st/stm32cubeide_1.5.1/stm32cubeide/plugins/com.st.stm32cube.ide.mcu.externaltools.gnu-tools-for-stm32.7-2018-q2-update.win32_1.5.0.202011040924/tools/bin/../lib/gcc/arm-none-eabi/7.3.1/../../../../arm-none-eabi/lib/thumb/v7e-m/fpv4-sp/hard/crt0.o (memset)
c:/st/stm32cubeide_1.5.1/stm32cubeide/plugins/com.st.stm32cube.ide.mcu.externaltools.gnu-tools-for-stm32.7-2018-q2-update.win32_1.5.0.202011040924/tools/bin/../lib/gcc/arm-none-eabi/7.3.1/../../../../arm-none-eabi/lib/thumb/v7e-m/fpv4-sp/hard\libc_nano.a(lib_a-strcat.o)
                              FreeRTOS/tasks.o (strcat)
c:/st/stm32cubeide_1.5.1/stm32cubeide/plugins/com.st.stm32cube.ide.mcu.externaltools.gnu-tools-for-stm32.7-2018-q2-update.win32_1.5.0.202011040924/tools/bin/../lib/gcc/arm-none-eabi/7.3.1/../../../../arm-none-eabi/lib/thumb/v7e-m/fpv4-sp/hard\libc_nano.a(lib_a-strlen.o)
                              FreeRTOS/tasks.o (strlen)
c:/st/stm32cubeide_1.5.1/stm32cubeide/plugins/com.st.stm32cube.ide.mcu.externaltools.gnu-tools-for-stm32.7-2018-q2-update.win32_1.5.0.202011040924/tools/bin/../lib/gcc/arm-none-eabi/7.3.1/../../../../arm-none-eabi/lib/thumb/v7e-m/fpv4-sp/hard\libc_nano.a(lib_a-strncpy.o)
                              FreeRTOS/tasks.o (strncpy)
c:/st/stm32cubeide_1.5.1/stm32cubeide/plugins/com.st.stm32cube.ide.mcu.externaltools.gnu-tools-for-stm32.7-2018-q2-update.win32_1.5.0.202011040924/tools/bin/../lib/gcc/arm-none-eabi/7.3.1/thumb/v7e-m/fpv4-sp/hard\libgcc.a(_aeabi_uldivmod.o)
                              Drivers/STM32F4xx_HAL_Driver/Src/stm32f4xx_hal_rcc.o (__aeabi_uldivmod)
c:/st/stm32cubeide_1.5.1/stm32cubeide/plugins/com.st.stm32cube.ide.mcu.externaltools.gnu-tools-for-stm32.7-2018-q2-update.win32_1.5.0.202011040924/tools/bin/../lib/gcc/arm-none-eabi/7.3.1/thumb/v7e-m/fpv4-sp/hard\libgcc.a(_udivmoddi4.o)
                              c:/st/stm32cubeide_1.5.1/stm32cubeide/plugins/com.st.stm32cube.ide.mcu.externaltools.gnu-tools-for-stm32.7-2018-q2-update.win32_1.5.0.202011040924/tools/bin/../lib/gcc/arm-none-eabi/7.3.1/thumb/v7e-m/fpv4-sp/hard\libgcc.a(_aeabi_uldivmod.o) (__udivmoddi4)
[...]
Memory Configuration

Name             Origin             Length             Attributes
CCMRAM           0x0000000010000000 0x0000000000010000 xrw
RAM              0x0000000020000000 0x0000000000020000 xrw
FLASH            0x0000000008000000 0x0000000000100000 xr
*default*        0x0000000000000000 0xffffffffffffffff

Linker script and memory map

LOAD c:/st/stm32cubeide_1.5.1/stm32cubeide/plugins/com.st.stm32cube.ide.mcu.externaltools.gnu-tools-for-stm32.7-2018-q2-update.win32_1.5.0.202011040924/tools/bin/../lib/gcc/arm-none-eabi/7.3.1/thumb/v7e-m/fpv4-sp/hard/crti.o
LOAD c:/st/stm32cubeide_1.5.1/stm32cubeide/plugins/com.st.stm32cube.ide.mcu.externaltools.gnu-tools-for-stm32.7-2018-q2-update.win32_1.5.0.202011040924/tools/bin/../lib/gcc/arm-none-eabi/7.3.1/thumb/v7e-m/fpv4-sp/hard/crtbegin.o
LOAD c:/st/stm32cubeide_1.5.1/stm32cubeide/plugins/com.st.stm32cube.ide.mcu.externaltools.gnu-tools-for-stm32.7-2018-q2-update.win32_1.5.0.202011040924/tools/bin/../lib/gcc/arm-none-eabi/7.3.1/../../../../arm-none-eabi/lib/thumb/v7e-m/fpv4-sp/hard/crt0.o
LOAD Core/Src/main.o
LOAD Core/Src/stm32f4xx_hal_msp.o
LOAD Core/Src/stm32f4xx_hal_timebase_tim.o
LOAD Core/Src/stm32f4xx_it.o
LOAD Core/Src/syscalls.o
LOAD Core/Src/sysmem.o
LOAD Core/Src/system_stm32f4xx.o
LOAD Core/Startup/startup_stm32f407vgtx.o
LOAD Drivers/STM32F4xx_HAL_Driver/Src/stm32f4xx_hal.o
LOAD Drivers/STM32F4xx_HAL_Driver/Src/stm32f4xx_hal_cortex.o
LOAD Drivers/STM32F4xx_HAL_Driver/Src/stm32f4xx_hal_dma.o
LOAD Drivers/STM32F4xx_HAL_Driver/Src/stm32f4xx_hal_dma_ex.o
LOAD Drivers/STM32F4xx_HAL_Driver/Src/stm32f4xx_hal_exti.o
LOAD Drivers/STM32F4xx_HAL_Driver/Src/stm32f4xx_hal_flash.o
LOAD Drivers/STM32F4xx_HAL_Driver/Src/stm32f4xx_hal_flash_ex.o
LOAD Drivers/STM32F4xx_HAL_Driver/Src/stm32f4xx_hal_flash_ramfunc.o
LOAD Drivers/STM32F4xx_HAL_Driver/Src/stm32f4xx_hal_gpio.o
LOAD Drivers/STM32F4xx_HAL_Driver/Src/stm32f4xx_hal_pwr.o
LOAD Drivers/STM32F4xx_HAL_Driver/Src/stm32f4xx_hal_pwr_ex.o
LOAD Drivers/STM32F4xx_HAL_Driver/Src/stm32f4xx_hal_rcc.o
LOAD Drivers/STM32F4xx_HAL_Driver/Src/stm32f4xx_hal_rcc_ex.o
LOAD Drivers/STM32F4xx_HAL_Driver/Src/stm32f4xx_hal_tim.o
LOAD Drivers/STM32F4xx_HAL_Driver/Src/stm32f4xx_hal_tim_ex.o
LOAD Drivers/STM32F4xx_HAL_Driver/Src/stm32f4xx_hal_uart.o
LOAD FreeRTOS/croutine.o
LOAD FreeRTOS/event_groups.o
LOAD FreeRTOS/list.o
LOAD FreeRTOS/queue.o
LOAD FreeRTOS/stream_buffer.o
LOAD FreeRTOS/tasks.o
LOAD FreeRTOS/timers.o
LOAD FreeRTOS/portable/ARM_CM4F/port.o
LOAD FreeRTOS/portable/MemMang/heap_4.o
START GROUP
LOAD c:/st/stm32cubeide_1.5.1/stm32cubeide/plugins/com.st.stm32cube.ide.mcu.externaltools.gnu-tools-for-stm32.7-2018-q2-update.win32_1.5.0.202011040924/tools/bin/../lib/gcc/arm-none-eabi/7.3.1/../../../../arm-none-eabi/lib/thumb/v7e-m/fpv4-sp/hard\libc_nano.a
LOAD c:/st/stm32cubeide_1.5.1/stm32cubeide/plugins/com.st.stm32cube.ide.mcu.externaltools.gnu-tools-for-stm32.7-2018-q2-update.win32_1.5.0.202011040924/tools/bin/../lib/gcc/arm-none-eabi/7.3.1/../../../../arm-none-eabi/lib/thumb/v7e-m/fpv4-sp/hard\libm.a
END GROUP
START GROUP
LOAD c:/st/stm32cubeide_1.5.1/stm32cubeide/plugins/com.st.stm32cube.ide.mcu.externaltools.gnu-tools-for-stm32.7-2018-q2-update.win32_1.5.0.202011040924/tools/bin/../lib/gcc/arm-none-eabi/7.3.1/thumb/v7e-m/fpv4-sp/hard\libgcc.a
LOAD c:/st/stm32cubeide_1.5.1/stm32cubeide/plugins/com.st.stm32cube.ide.mcu.externaltools.gnu-tools-for-stm32.7-2018-q2-update.win32_1.5.0.202011040924/tools/bin/../lib/gcc/arm-none-eabi/7.3.1/../../../../arm-none-eabi/lib/thumb/v7e-m/fpv4-sp/hard\libc_nano.a
END GROUP
START GROUP
LOAD c:/st/stm32cubeide_1.5.1/stm32cubeide/plugins/com.st.stm32cube.ide.mcu.externaltools.gnu-tools-for-stm32.7-2018-q2-update.win32_1.5.0.202011040924/tools/bin/../lib/gcc/arm-none-eabi/7.3.1/thumb/v7e-m/fpv4-sp/hard\libgcc.a
LOAD c:/st/stm32cubeide_1.5.1/stm32cubeide/plugins/com.st.stm32cube.ide.mcu.externaltools.gnu-tools-for-stm32.7-2018-q2-update.win32_1.5.0.202011040924/tools/bin/../lib/gcc/arm-none-eabi/7.3.1/../../../../arm-none-eabi/lib/thumb/v7e-m/fpv4-sp/hard\libc_nano.a
LOAD c:/st/stm32cubeide_1.5.1/stm32cubeide/plugins/com.st.stm32cube.ide.mcu.externaltools.gnu-tools-for-stm32.7-2018-q2-update.win32_1.5.0.202011040924/tools/bin/../lib/gcc/arm-none-eabi/7.3.1/../../../../arm-none-eabi/lib/thumb/v7e-m/fpv4-sp/hard\libnosys.a
END GROUP
START GROUP
LOAD c:/st/stm32cubeide_1.5.1/stm32cubeide/plugins/com.st.stm32cube.ide.mcu.externaltools.gnu-tools-for-stm32.7-2018-q2-update.win32_1.5.0.202011040924/tools/bin/../lib/gcc/arm-none-eabi/7.3.1/thumb/v7e-m/fpv4-sp/hard\libgcc.a
LOAD c:/st/stm32cubeide_1.5.1/stm32cubeide/plugins/com.st.stm32cube.ide.mcu.externaltools.gnu-tools-for-stm32.7-2018-q2-update.win32_1.5.0.202011040924/tools/bin/../lib/gcc/arm-none-eabi/7.3.1/../../../../arm-none-eabi/lib/thumb/v7e-m/fpv4-sp/hard\libc_nano.a
LOAD c:/st/stm32cubeide_1.5.1/stm32cubeide/plugins/com.st.stm32cube.ide.mcu.externaltools.gnu-tools-for-stm32.7-2018-q2-update.win32_1.5.0.202011040924/tools/bin/../lib/gcc/arm-none-eabi/7.3.1/../../../../arm-none-eabi/lib/thumb/v7e-m/fpv4-sp/hard\libnosys.a
END GROUP
LOAD c:/st/stm32cubeide_1.5.1/stm32cubeide/plugins/com.st.stm32cube.ide.mcu.externaltools.gnu-tools-for-stm32.7-2018-q2-update.win32_1.5.0.202011040924/tools/bin/../lib/gcc/arm-none-eabi/7.3.1/thumb/v7e-m/fpv4-sp/hard/crtend.o
LOAD c:/st/stm32cubeide_1.5.1/stm32cubeide/plugins/com.st.stm32cube.ide.mcu.externaltools.gnu-tools-for-stm32.7-2018-q2-update.win32_1.5.0.202011040924/tools/bin/../lib/gcc/arm-none-eabi/7.3.1/thumb/v7e-m/fpv4-sp/hard/crtn.o
                0x0000000020020000                _estack = (ORIGIN (RAM) + LENGTH (RAM))
                0x0000000000000200                _Min_Heap_Size = 0x200
                0x0000000000000400                _Min_Stack_Size = 0x400

.isr_vector     0x0000000008000000      0x188
                0x0000000008000000                . = ALIGN (0x4)
 *(.isr_vector)
 .isr_vector    0x0000000008000000      0x188 Core/Startup/startup_stm32f407vgtx.o
                0x0000000008000000                g_pfnVectors
                0x0000000008000188                . = ALIGN (0x4)

.text           0x0000000008000190     0x53dc
                0x0000000008000190                . = ALIGN (0x4)
 *(.text)
 .text          0x0000000008000190       0x40 c:/st/stm32cubeide_1.5.1/stm32cubeide/plugins/com.st.stm32cube.ide.mcu.externaltools.gnu-tools-for-stm32.7-2018-q2-update.win32_1.5.0.202011040924/tools/bin/../lib/gcc/arm-none-eabi/7.3.1/thumb/v7e-m/fpv4-sp/hard/crtbegin.o
 .text          0x00000000080001d0       0x10 c:/st/stm32cubeide_1.5.1/stm32cubeide/plugins/com.st.stm32cube.ide.mcu.externaltools.gnu-tools-for-stm32.7-2018-q2-update.win32_1.5.0.202011040924/tools/bin/../lib/gcc/arm-none-eabi/7.3.1/../../../../arm-none-eabi/lib/thumb/v7e-m/fpv4-sp/hard\libc_nano.a(lib_a-strlen.o)
                0x00000000080001d0                strlen
 .text          0x00000000080001e0       0x30 c:/st/stm32cubeide_1.5.1/stm32cubeide/plugins/com.st.stm32cube.ide.mcu.externaltools.gnu-tools-for-stm32.7-2018-q2-update.win32_1.5.0.202011040924/tools/bin/../lib/gcc/arm-none-eabi/7.3.1/thumb/v7e-m/fpv4-sp/hard\libgcc.a(_aeabi_uldivmod.o)
                0x00000000080001e0                __aeabi_uldivmod
 .text          0x0000000008000210      0x2cc c:/st/stm32cubeide_1.5.1/stm32cubeide/plugins/com.st.stm32cube.ide.mcu.externaltools.gnu-tools-for-stm32.7-2018-q2-update.win32_1.5.0.202011040924/tools/bin/../lib/gcc/arm-none-eabi/7.3.1/thumb/v7e-m/fpv4-sp/hard\libgcc.a(_udivmoddi4.o)
                0x0000000008000210                __udivmoddi4
 .text          0x00000000080004dc        0x4 c:/st/stm32cubeide_1.5.1/stm32cubeide/plugins/com.st.stm32cube.ide.mcu.externaltools.gnu-tools-for-stm32.7-2018-q2-update.win32_1.5.0.202011040924/tools/bin/../lib/gcc/arm-none-eabi/7.3.1/thumb/v7e-m/fpv4-sp/hard\libgcc.a(_dvmd_tls.o)
                0x00000000080004dc                __aeabi_idiv0
                0x00000000080004dc                __aeabi_ldiv0
 *(.text*)
 .text.main     0x00000000080004e0       0x8c Core/Src/main.o
                0x00000000080004e0                main
 .text.SystemClock_Config
                0x000000000800056c       0xbc Core/Src/main.o
                0x000000000800056c                SystemClock_Config
 .text.MX_USART2_UART_Init
                0x0000000008000628       0x54 Core/Src/main.o
 .text.MX_GPIO_Init
                0x000000000800067c       0x88 Core/Src/main.o
 .text.Red_LED_App
                0x0000000008000704       0x2c Core/Src/main.o
                0x0000000008000704                Red_LED_App
 .text.Green_LED_App
                0x0000000008000730       0x2c Core/Src/main.o
                0x0000000008000730                Green_LED_App
 .text.TaskMonitor_App
                0x000000000800075c       0x20 Core/Src/main.o
                0x000000000800075c                TaskMonitor_App
 .text.Delay_App
                0x000000000800077c       0x12 Core/Src/main.o
                0x000000000800077c                Delay_App
 *fill*         0x000000000800078e        0x2 
 .text.HAL_TIM_PeriodElapsedCallback
                0x0000000008000790       0x24 Core/Src/main.o
                0x0000000008000790                HAL_TIM_PeriodElapsedCallback
 .text.Error_Handler
                0x00000000080007b4        0x8 Core/Src/main.o
                0x00000000080007b4                Error_Handler
 .text.HAL_MspInit
                0x00000000080007bc       0x50 Core/Src/stm32f4xx_hal_msp.o
                0x00000000080007bc                HAL_MspInit
 .text.HAL_UART_MspInit
                0x000000000800080c       0x90 Core/Src/stm32f4xx_hal_msp.o
                0x000000000800080c                HAL_UART_MspInit
 .text.HAL_InitTick
                0x000000000800089c       0xb0 Core/Src/stm32f4xx_hal_timebase_tim.o
                0x000000000800089c                HAL_InitTick
 .text.NMI_Handler
                0x000000000800094c        0x6 Core/Src/stm32f4xx_it.o
                0x000000000800094c                NMI_Handler
 .text.HardFault_Handler
                0x0000000008000952        0x6 Core/Src/stm32f4xx_it.o
                0x0000000008000952                HardFault_Handler
 .text.MemManage_Handler
                0x0000000008000958        0x6 Core/Src/stm32f4xx_it.o
                0x0000000008000958                MemManage_Handler
 .text.BusFault_Handler
                0x000000000800095e        0x6 Core/Src/stm32f4xx_it.o
                0x000000000800095e                BusFault_Handler
 .text.UsageFault_Handler
                0x0000000008000964        0x6 Core/Src/stm32f4xx_it.o
                0x0000000008000964                UsageFault_Handler
 .text.DebugMon_Handler
                0x000000000800096a        0xe Core/Src/stm32f4xx_it.o
                0x000000000800096a                DebugMon_Handler
 .text.TIM6_DAC_IRQHandler
                0x0000000008000978       0x14 Core/Src/stm32f4xx_it.o
                0x0000000008000978                TIM6_DAC_IRQHandler
 .text.SystemInit
                0x000000000800098c       0x2c Core/Src/system_stm32f4xx.o
                0x000000000800098c                SystemInit
 .text.Reset_Handler
                0x00000000080009b8       0x50 Core/Startup/startup_stm32f407vgtx.o
                0x00000000080009b8                Reset_Handler
 .text.Default_Handler
                0x0000000008000a08        0x2 Core/Startup/startup_stm32f407vgtx.o
                0x0000000008000a08                RTC_Alarm_IRQHandler
                0x0000000008000a08                HASH_RNG_IRQHandler
                0x0000000008000a08                EXTI2_IRQHandler
                0x0000000008000a08                TIM8_CC_IRQHandler
                0x0000000008000a08                TIM1_CC_IRQHandler
                0x0000000008000a08                DMA2_Stream5_IRQHandler
                0x0000000008000a08                DMA1_Stream5_IRQHandler
                0x0000000008000a08                PVD_IRQHandler
                0x0000000008000a08                SDIO_IRQHandler
                0x0000000008000a08                TAMP_STAMP_IRQHandler
                0x0000000008000a08                CAN2_RX1_IRQHandler
                0x0000000008000a08                EXTI3_IRQHandler
                0x0000000008000a08                TIM8_TRG_COM_TIM14_IRQHandler
                0x0000000008000a08                TIM1_UP_TIM10_IRQHandler
                0x0000000008000a08                TIM8_UP_TIM13_IRQHandler
                0x0000000008000a08                I2C3_ER_IRQHandler
                0x0000000008000a08                EXTI0_IRQHandler
                0x0000000008000a08                I2C2_EV_IRQHandler
                0x0000000008000a08                DMA1_Stream2_IRQHandler
                0x0000000008000a08                CAN1_RX0_IRQHandler
                0x0000000008000a08                FPU_IRQHandler
                0x0000000008000a08                OTG_HS_WKUP_IRQHandler
                0x0000000008000a08                CAN2_SCE_IRQHandler
                0x0000000008000a08                DMA2_Stream2_IRQHandler
                0x0000000008000a08                SPI1_IRQHandler
                0x0000000008000a08                TIM1_BRK_TIM9_IRQHandler
                0x0000000008000a08                DCMI_IRQHandler
                0x0000000008000a08                CAN2_RX0_IRQHandler
                0x0000000008000a08                DMA2_Stream3_IRQHandler
                0x0000000008000a08                USART6_IRQHandler
                0x0000000008000a08                USART3_IRQHandler
                0x0000000008000a08                CAN1_RX1_IRQHandler
                0x0000000008000a08                UART5_IRQHandler
                0x0000000008000a08                DMA2_Stream0_IRQHandler
                0x0000000008000a08                TIM4_IRQHandler
                0x0000000008000a08                I2C1_EV_IRQHandler
                0x0000000008000a08                DMA1_Stream6_IRQHandler
                0x0000000008000a08                DMA1_Stream1_IRQHandler
                0x0000000008000a08                UART4_IRQHandler
                0x0000000008000a08                TIM3_IRQHandler
                0x0000000008000a08                RCC_IRQHandler
                0x0000000008000a08                TIM8_BRK_TIM12_IRQHandler
                0x0000000008000a08                Default_Handler
                0x0000000008000a08                EXTI15_10_IRQHandler
                0x0000000008000a08                ADC_IRQHandler
                0x0000000008000a08                DMA1_Stream7_IRQHandler
                0x0000000008000a08                TIM7_IRQHandler
                0x0000000008000a08                CAN2_TX_IRQHandler
                0x0000000008000a08                TIM5_IRQHandler
                0x0000000008000a08                DMA2_Stream7_IRQHandler
                0x0000000008000a08                I2C3_EV_IRQHandler
                0x0000000008000a08                EXTI9_5_IRQHandler
                0x0000000008000a08                RTC_WKUP_IRQHandler
                0x0000000008000a08                ETH_WKUP_IRQHandler
                0x0000000008000a08                SPI2_IRQHandler
                0x0000000008000a08                OTG_HS_EP1_IN_IRQHandler
                0x0000000008000a08                DMA1_Stream0_IRQHandler
                0x0000000008000a08                CAN1_TX_IRQHandler
                0x0000000008000a08                EXTI4_IRQHandler
                0x0000000008000a08                FSMC_IRQHandler
                0x0000000008000a08                ETH_IRQHandler
                0x0000000008000a08                OTG_HS_EP1_OUT_IRQHandler
                0x0000000008000a08                WWDG_IRQHandler
                0x0000000008000a08                TIM2_IRQHandler
                0x0000000008000a08                OTG_FS_WKUP_IRQHandler
                0x0000000008000a08                TIM1_TRG_COM_TIM11_IRQHandler
                0x0000000008000a08                OTG_HS_IRQHandler
                0x0000000008000a08                EXTI1_IRQHandler
                0x0000000008000a08                USART2_IRQHandler
                0x0000000008000a08                I2C2_ER_IRQHandler
                0x0000000008000a08                DMA2_Stream1_IRQHandler
                0x0000000008000a08                CAN1_SCE_IRQHandler
                0x0000000008000a08                FLASH_IRQHandler
                0x0000000008000a08                DMA2_Stream4_IRQHandler
                0x0000000008000a08                USART1_IRQHandler
                0x0000000008000a08                OTG_FS_IRQHandler
                0x0000000008000a08                SPI3_IRQHandler
                0x0000000008000a08                DMA1_Stream4_IRQHandler
                0x0000000008000a08                I2C1_ER_IRQHandler
                0x0000000008000a08                DMA2_Stream6_IRQHandler
                0x0000000008000a08                DMA1_Stream3_IRQHandler
 *fill*         0x0000000008000a0a        0x2 
 .text.HAL_Init
                0x0000000008000a0c       0x44 Drivers/STM32F4xx_HAL_Driver/Src/stm32f4xx_hal.o
                0x0000000008000a0c                HAL_Init
 .text.HAL_IncTick
                0x0000000008000a50       0x28 Drivers/STM32F4xx_HAL_Driver/Src/stm32f4xx_hal.o
                0x0000000008000a50                HAL_IncTick
 .text.HAL_GetTick
                0x0000000008000a78       0x18 Drivers/STM32F4xx_HAL_Driver/Src/stm32f4xx_hal.o
                0x0000000008000a78                HAL_GetTick
 .text.__NVIC_SetPriorityGrouping
                0x0000000008000a90       0x48 Drivers/STM32F4xx_HAL_Driver/Src/stm32f4xx_hal_cortex.o
 .text.__NVIC_GetPriorityGrouping
                0x0000000008000ad8       0x1c Drivers/STM32F4xx_HAL_Driver/Src/stm32f4xx_hal_cortex.o
 .text.__NVIC_EnableIRQ
                0x0000000008000af4       0x3c Drivers/STM32F4xx_HAL_Driver/Src/stm32f4xx_hal_cortex.o
 .text.__NVIC_SetPriority
                0x0000000008000b30       0x54 Drivers/STM32F4xx_HAL_Driver/Src/stm32f4xx_hal_cortex.o
 .text.NVIC_EncodePriority
                0x0000000008000b84       0x66 Drivers/STM32F4xx_HAL_Driver/Src/stm32f4xx_hal_cortex.o
 .text.HAL_NVIC_SetPriorityGrouping
                0x0000000008000bea       0x16 Drivers/STM32F4xx_HAL_Driver/Src/stm32f4xx_hal_cortex.o
                0x0000000008000bea                HAL_NVIC_SetPriorityGrouping
 .text.HAL_NVIC_SetPriority
                0x0000000008000c00       0x38 Drivers/STM32F4xx_HAL_Driver/Src/stm32f4xx_hal_cortex.o
                0x0000000008000c00                HAL_NVIC_SetPriority
 .text.HAL_NVIC_EnableIRQ
                0x0000000008000c38       0x1c Drivers/STM32F4xx_HAL_Driver/Src/stm32f4xx_hal_cortex.o
                0x0000000008000c38                HAL_NVIC_EnableIRQ
 .text.HAL_GPIO_Init
                0x0000000008000c54      0x334 Drivers/STM32F4xx_HAL_Driver/Src/stm32f4xx_hal_gpio.o
                0x0000000008000c54                HAL_GPIO_Init
 .text.HAL_GPIO_WritePin
                0x0000000008000f88       0x32 Drivers/STM32F4xx_HAL_Driver/Src/stm32f4xx_hal_gpio.o
                0x0000000008000f88                HAL_GPIO_WritePin
 .text.HAL_GPIO_TogglePin
                0x0000000008000fba       0x36 Drivers/STM32F4xx_HAL_Driver/Src/stm32f4xx_hal_gpio.o
                0x0000000008000fba                HAL_GPIO_TogglePin
 .text.HAL_RCC_OscConfig
                0x0000000008000ff0      0x4e0 Drivers/STM32F4xx_HAL_Driver/Src/stm32f4xx_hal_rcc.o
                0x0000000008000ff0                HAL_RCC_OscConfig
 .text.HAL_RCC_ClockConfig
                0x00000000080014d0      0x1cc Drivers/STM32F4xx_HAL_Driver/Src/stm32f4xx_hal_rcc.o
                0x00000000080014d0                HAL_RCC_ClockConfig
 .text.HAL_RCC_GetSysClockFreq
                0x000000000800169c      0x164 Drivers/STM32F4xx_HAL_Driver/Src/stm32f4xx_hal_rcc.o
                0x000000000800169c                HAL_RCC_GetSysClockFreq
 .text.HAL_RCC_GetHCLKFreq
                0x0000000008001800       0x18 Drivers/STM32F4xx_HAL_Driver/Src/stm32f4xx_hal_rcc.o
                0x0000000008001800                HAL_RCC_GetHCLKFreq
 .text.HAL_RCC_GetPCLK1Freq
                0x0000000008001818       0x28 Drivers/STM32F4xx_HAL_Driver/Src/stm32f4xx_hal_rcc.o
                0x0000000008001818                HAL_RCC_GetPCLK1Freq
 .text.HAL_RCC_GetPCLK2Freq
                0x0000000008001840       0x28 Drivers/STM32F4xx_HAL_Driver/Src/stm32f4xx_hal_rcc.o
                0x0000000008001840                HAL_RCC_GetPCLK2Freq
 .text.HAL_RCC_GetClockConfig
                0x0000000008001868       0x64 Drivers/STM32F4xx_HAL_Driver/Src/stm32f4xx_hal_rcc.o
                0x0000000008001868                HAL_RCC_GetClockConfig
 .text.HAL_TIM_Base_Init
                0x00000000080018cc       0x56 Drivers/STM32F4xx_HAL_Driver/Src/stm32f4xx_hal_tim.o
                0x00000000080018cc                HAL_TIM_Base_Init
 .text.HAL_TIM_Base_MspInit
                0x0000000008001922       0x14 Drivers/STM32F4xx_HAL_Driver/Src/stm32f4xx_hal_tim.o
                0x0000000008001922                HAL_TIM_Base_MspInit
 .text.HAL_TIM_Base_Start_IT
                0x0000000008001936       0x48 Drivers/STM32F4xx_HAL_Driver/Src/stm32f4xx_hal_tim.o
                0x0000000008001936                HAL_TIM_Base_Start_IT
 .text.HAL_TIM_IRQHandler
                0x000000000800197e      0x210 Drivers/STM32F4xx_HAL_Driver/Src/stm32f4xx_hal_tim.o
                0x000000000800197e                HAL_TIM_IRQHandler
 .text.HAL_TIM_OC_DelayElapsedCallback
                0x0000000008001b8e       0x14 Drivers/STM32F4xx_HAL_Driver/Src/stm32f4xx_hal_tim.o
                0x0000000008001b8e                HAL_TIM_OC_DelayElapsedCallback
 .text.HAL_TIM_IC_CaptureCallback
                0x0000000008001ba2       0x14 Drivers/STM32F4xx_HAL_Driver/Src/stm32f4xx_hal_tim.o
                0x0000000008001ba2                HAL_TIM_IC_CaptureCallback
 .text.HAL_TIM_PWM_PulseFinishedCallback
                0x0000000008001bb6       0x14 Drivers/STM32F4xx_HAL_Driver/Src/stm32f4xx_hal_tim.o
                0x0000000008001bb6                HAL_TIM_PWM_PulseFinishedCallback
 .text.HAL_TIM_TriggerCallback
                0x0000000008001bca       0x14 Drivers/STM32F4xx_HAL_Driver/Src/stm32f4xx_hal_tim.o
                0x0000000008001bca                HAL_TIM_TriggerCallback
 *fill*         0x0000000008001bde        0x2 
 .text.TIM_Base_SetConfig
                0x0000000008001be0      0x140 Drivers/STM32F4xx_HAL_Driver/Src/stm32f4xx_hal_tim.o
                0x0000000008001be0                TIM_Base_SetConfig
 .text.HAL_TIMEx_CommutCallback
                0x0000000008001d20       0x14 Drivers/STM32F4xx_HAL_Driver/Src/stm32f4xx_hal_tim_ex.o
                0x0000000008001d20                HAL_TIMEx_CommutCallback
 .text.HAL_TIMEx_BreakCallback
                0x0000000008001d34       0x14 Drivers/STM32F4xx_HAL_Driver/Src/stm32f4xx_hal_tim_ex.o
                0x0000000008001d34                HAL_TIMEx_BreakCallback
 .text.HAL_UART_Init
                0x0000000008001d48       0x9a Drivers/STM32F4xx_HAL_Driver/Src/stm32f4xx_hal_uart.o
                0x0000000008001d48                HAL_UART_Init
 .text.HAL_UART_Transmit
                0x0000000008001de2      0x132 Drivers/STM32F4xx_HAL_Driver/Src/stm32f4xx_hal_uart.o
                0x0000000008001de2                HAL_UART_Transmit
 .text.UART_WaitOnFlagUntilTimeout
                0x0000000008001f14       0x94 Drivers/STM32F4xx_HAL_Driver/Src/stm32f4xx_hal_uart.o
 .text.UART_SetConfig
                0x0000000008001fa8      0x6f8 Drivers/STM32F4xx_HAL_Driver/Src/stm32f4xx_hal_uart.o
 .text.vListInitialise
                0x00000000080026a0       0x40 FreeRTOS/list.o
                0x00000000080026a0                vListInitialise
 .text.vListInitialiseItem
                0x00000000080026e0       0x1a FreeRTOS/list.o
                0x00000000080026e0                vListInitialiseItem
 .text.vListInsertEnd
                0x00000000080026fa       0x48 FreeRTOS/list.o
                0x00000000080026fa                vListInsertEnd
 .text.vListInsert
                0x0000000008002742       0x72 FreeRTOS/list.o
                0x0000000008002742                vListInsert
 .text.uxListRemove
                0x00000000080027b4       0x54 FreeRTOS/list.o
                0x00000000080027b4                uxListRemove
 .text.xQueueGenericReset
                0x0000000008002808       0xd0 FreeRTOS/queue.o
                0x0000000008002808                xQueueGenericReset
 .text.xQueueGenericCreate
                0x00000000080028d8       0x76 FreeRTOS/queue.o
                0x00000000080028d8                xQueueGenericCreate
 .text.prvInitialiseNewQueue
                0x000000000800294e       0x46 FreeRTOS/queue.o
 .text.xQueueGenericSend
                0x0000000008002994      0x1f4 FreeRTOS/queue.o
                0x0000000008002994                xQueueGenericSend
 .text.xQueueGenericSendFromISR
                0x0000000008002b88      0x128 FreeRTOS/queue.o
                0x0000000008002b88                xQueueGenericSendFromISR
 .text.xQueueReceive
                0x0000000008002cb0      0x1b8 FreeRTOS/queue.o
                0x0000000008002cb0                xQueueReceive
 .text.prvCopyDataToQueue
                0x0000000008002e68       0xd4 FreeRTOS/queue.o
 .text.prvCopyDataFromQueue
                0x0000000008002f3c       0x4c FreeRTOS/queue.o
 .text.prvUnlockQueue
                0x0000000008002f88       0xa4 FreeRTOS/queue.o
 .text.prvIsQueueEmpty
                0x000000000800302c       0x2c FreeRTOS/queue.o
 .text.prvIsQueueFull
                0x0000000008003058       0x30 FreeRTOS/queue.o
 .text.vQueueAddToRegistry
                0x0000000008003088       0x50 FreeRTOS/queue.o
                0x0000000008003088                vQueueAddToRegistry
 .text.vQueueWaitForMessageRestricted
                0x00000000080030d8       0x68 FreeRTOS/queue.o
                0x00000000080030d8                vQueueWaitForMessageRestricted
 .text.xTaskCreate
                0x0000000008003140       0x82 FreeRTOS/tasks.o
                0x0000000008003140                xTaskCreate
 .text.prvInitialiseNewTask
                0x00000000080031c2      0x11c FreeRTOS/tasks.o
 *fill*         0x00000000080032de        0x2 
 .text.prvAddNewTaskToReadyList
                0x00000000080032e0       0xdc FreeRTOS/tasks.o
 .text.vTaskDelay
                0x00000000080033bc       0x68 FreeRTOS/tasks.o
                0x00000000080033bc                vTaskDelay
 .text.vTaskStartScheduler
                0x0000000008003424       0x98 FreeRTOS/tasks.o
                0x0000000008003424                vTaskStartScheduler
 .text.vTaskSuspendAll
                0x00000000080034bc       0x1c FreeRTOS/tasks.o
                0x00000000080034bc                vTaskSuspendAll
 .text.xTaskResumeAll
                0x00000000080034d8      0x138 FreeRTOS/tasks.o
                0x00000000080034d8                xTaskResumeAll
 .text.xTaskGetTickCount
                0x0000000008003610       0x20 FreeRTOS/tasks.o
                0x0000000008003610                xTaskGetTickCount
 .text.xTaskIncrementTick
                0x0000000008003630      0x170 FreeRTOS/tasks.o
                0x0000000008003630                xTaskIncrementTick
 .text.vTaskSwitchContext
                0x00000000080037a0       0xb4 FreeRTOS/tasks.o
                0x00000000080037a0                vTaskSwitchContext
 .text.vTaskPlaceOnEventList
                0x0000000008003854       0x48 FreeRTOS/tasks.o
                0x0000000008003854                vTaskPlaceOnEventList
 .text.vTaskPlaceOnEventListRestricted
                0x000000000800389c       0x54 FreeRTOS/tasks.o
                0x000000000800389c                vTaskPlaceOnEventListRestricted
 .text.xTaskRemoveFromEventList
                0x00000000080038f0       0xc4 FreeRTOS/tasks.o
                0x00000000080038f0                xTaskRemoveFromEventList
 .text.vTaskInternalSetTimeOutState
                0x00000000080039b4       0x2c FreeRTOS/tasks.o
                0x00000000080039b4                vTaskInternalSetTimeOutState
 .text.xTaskCheckForTimeOut
                0x00000000080039e0       0xc0 FreeRTOS/tasks.o
                0x00000000080039e0                xTaskCheckForTimeOut
 .text.vTaskMissedYield
                0x0000000008003aa0       0x18 FreeRTOS/tasks.o
                0x0000000008003aa0                vTaskMissedYield
 .text.prvIdleTask
                0x0000000008003ab8       0x30 FreeRTOS/tasks.o
 .text.prvInitialiseTaskLists
                0x0000000008003ae8       0x80 FreeRTOS/tasks.o
 .text.prvCheckTasksWaitingTermination
                0x0000000008003b68       0x58 FreeRTOS/tasks.o
 .text.prvDeleteTCB
                0x0000000008003bc0       0x20 FreeRTOS/tasks.o
 .text.prvResetNextTaskUnblockTime
                0x0000000008003be0       0x40 FreeRTOS/tasks.o
 .text.xTaskGetSchedulerState
                0x0000000008003c20       0x3c FreeRTOS/tasks.o
                0x0000000008003c20                xTaskGetSchedulerState
 .text.xTaskPriorityDisinherit
                0x0000000008003c5c      0x108 FreeRTOS/tasks.o
                0x0000000008003c5c                xTaskPriorityDisinherit
 .text.prvAddCurrentTaskToDelayedList
                0x0000000008003d64       0xcc FreeRTOS/tasks.o
 .text.Taskmonitor
                0x0000000008003e30      0x640 FreeRTOS/tasks.o
                0x0000000008003e30                Taskmonitor
 .text.LongConvertCharArray
                0x0000000008004470       0xe0 FreeRTOS/tasks.o
                0x0000000008004470                LongConvertCharArray
 .text.Uint32ConvertHex
                0x0000000008004550       0xe8 FreeRTOS/tasks.o
                0x0000000008004550                Uint32ConvertHex
 .text.xTimerCreateTimerTask
                0x0000000008004638       0x64 FreeRTOS/timers.o
                0x0000000008004638                xTimerCreateTimerTask
 .text.xTimerGenericCommand
                0x000000000800469c       0x98 FreeRTOS/timers.o
                0x000000000800469c                xTimerGenericCommand
 .text.prvProcessExpiredTimer
                0x0000000008004734       0x98 FreeRTOS/timers.o
 .text.prvTimerTask
                0x00000000080047cc       0x24 FreeRTOS/timers.o
 .text.prvProcessTimerOrBlockTask
                0x00000000080047f0       0x9c FreeRTOS/timers.o
 .text.prvGetNextExpireTime
                0x000000000800488c       0x48 FreeRTOS/timers.o
 .text.prvSampleTimeNow
                0x00000000080048d4       0x40 FreeRTOS/timers.o
 .text.prvInsertTimerInActiveList
                0x0000000008004914       0x84 FreeRTOS/timers.o
 .text.prvProcessReceivedCommands
                0x0000000008004998      0x188 FreeRTOS/timers.o
 .text.prvSwitchTimerLists
                0x0000000008004b20       0xc8 FreeRTOS/timers.o
 .text.prvCheckForValidListAndQueue
                0x0000000008004be8       0x6c FreeRTOS/timers.o
 .text.pxPortInitialiseStack
                0x0000000008004c54       0x68 FreeRTOS/portable/ARM_CM4F/port.o
                0x0000000008004c54                pxPortInitialiseStack
 .text.prvTaskExitError
                0x0000000008004cbc       0x54 FreeRTOS/portable/ARM_CM4F/port.o
 .text.SVC_Handler
                0x0000000008004d10       0x28 FreeRTOS/portable/ARM_CM4F/port.o
                0x0000000008004d10                SVC_Handler
 .text.prvPortStartFirstTask
                0x0000000008004d38       0x28 FreeRTOS/portable/ARM_CM4F/port.o
 .text.xPortStartScheduler
                0x0000000008004d60      0x15c FreeRTOS/portable/ARM_CM4F/port.o
                0x0000000008004d60                xPortStartScheduler
 .text.vPortEnterCritical
                0x0000000008004ebc       0x5c FreeRTOS/portable/ARM_CM4F/port.o
                0x0000000008004ebc                vPortEnterCritical
 .text.vPortExitCritical
                0x0000000008004f18       0x50 FreeRTOS/portable/ARM_CM4F/port.o
                0x0000000008004f18                vPortExitCritical
 *fill*         0x0000000008004f68        0x8 
 .text.PendSV_Handler
                0x0000000008004f70       0x68 FreeRTOS/portable/ARM_CM4F/port.o
                0x0000000008004f70                PendSV_Handler
 .text.SysTick_Handler
                0x0000000008004fd8       0x40 FreeRTOS/portable/ARM_CM4F/port.o
                0x0000000008004fd8                SysTick_Handler
 .text.vPortSetupTimerInterrupt
                0x0000000008005018       0x48 FreeRTOS/portable/ARM_CM4F/port.o
                0x0000000008005018                vPortSetupTimerInterrupt
 .text.vPortEnableVFP
                0x0000000008005060       0x14 FreeRTOS/portable/ARM_CM4F/port.o
 .text.vPortValidateInterruptPriority
                0x0000000008005074       0x7c FreeRTOS/portable/ARM_CM4F/port.o
                0x0000000008005074                vPortValidateInterruptPriority
 .text.pvPortMalloc
                0x00000000080050f0      0x184 FreeRTOS/portable/MemMang/heap_4.o
                0x00000000080050f0                pvPortMalloc
 .text.vPortFree
                0x0000000008005274       0xb0 FreeRTOS/portable/MemMang/heap_4.o
                0x0000000008005274                vPortFree
 .text.prvHeapInit
                0x0000000008005324       0xc4 FreeRTOS/portable/MemMang/heap_4.o
 .text.prvInsertBlockIntoFreeList
                0x00000000080053e8       0xb4 FreeRTOS/portable/MemMang/heap_4.o
 .text.__libc_init_array
                0x000000000800549c       0x48 c:/st/stm32cubeide_1.5.1/stm32cubeide/plugins/com.st.stm32cube.ide.mcu.externaltools.gnu-tools-for-stm32.7-2018-q2-update.win32_1.5.0.202011040924/tools/bin/../lib/gcc/arm-none-eabi/7.3.1/../../../../arm-none-eabi/lib/thumb/v7e-m/fpv4-sp/hard\libc_nano.a(lib_a-init.o)
                0x000000000800549c                __libc_init_array
 .text.memcpy   0x00000000080054e4       0x16 c:/st/stm32cubeide_1.5.1/stm32cubeide/plugins/com.st.stm32cube.ide.mcu.externaltools.gnu-tools-for-stm32.7-2018-q2-update.win32_1.5.0.202011040924/tools/bin/../lib/gcc/arm-none-eabi/7.3.1/../../../../arm-none-eabi/lib/thumb/v7e-m/fpv4-sp/hard\libc_nano.a(lib_a-memcpy-stub.o)
                0x00000000080054e4                memcpy
 .text.memset   0x00000000080054fa       0x10 c:/st/stm32cubeide_1.5.1/stm32cubeide/plugins/com.st.stm32cube.ide.mcu.externaltools.gnu-tools-for-stm32.7-2018-q2-update.win32_1.5.0.202011040924/tools/bin/../lib/gcc/arm-none-eabi/7.3.1/../../../../arm-none-eabi/lib/thumb/v7e-m/fpv4-sp/hard\libc_nano.a(lib_a-memset.o)
                0x00000000080054fa                memset
 .text.strcat   0x000000000800550a       0x1e c:/st/stm32cubeide_1.5.1/stm32cubeide/plugins/com.st.stm32cube.ide.mcu.externaltools.gnu-tools-for-stm32.7-2018-q2-update.win32_1.5.0.202011040924/tools/bin/../lib/gcc/arm-none-eabi/7.3.1/../../../../arm-none-eabi/lib/thumb/v7e-m/fpv4-sp/hard\libc_nano.a(lib_a-strcat.o)
                0x000000000800550a                strcat
 .text.strncpy  0x0000000008005528       0x2a c:/st/stm32cubeide_1.5.1/stm32cubeide/plugins/com.st.stm32cube.ide.mcu.externaltools.gnu-tools-for-stm32.7-2018-q2-update.win32_1.5.0.202011040924/tools/bin/../lib/gcc/arm-none-eabi/7.3.1/../../../../arm-none-eabi/lib/thumb/v7e-m/fpv4-sp/hard\libc_nano.a(lib_a-strncpy.o)
                0x0000000008005528                strncpy
 *(.glue_7)
 .glue_7        0x0000000008005552        0x0 linker stubs
 *(.glue_7t)
 .glue_7t       0x0000000008005552        0x0 linker stubs
 *(.eh_frame)
 *fill*         0x0000000008005552        0x2 
 .eh_frame      0x0000000008005554        0x0 c:/st/stm32cubeide_1.5.1/stm32cubeide/plugins/com.st.stm32cube.ide.mcu.externaltools.gnu-tools-for-stm32.7-2018-q2-update.win32_1.5.0.202011040924/tools/bin/../lib/gcc/arm-none-eabi/7.3.1/thumb/v7e-m/fpv4-sp/hard/crtbegin.o
 *(.init)
 .init          0x0000000008005554        0x4 c:/st/stm32cubeide_1.5.1/stm32cubeide/plugins/com.st.stm32cube.ide.mcu.externaltools.gnu-tools-for-stm32.7-2018-q2-update.win32_1.5.0.202011040924/tools/bin/../lib/gcc/arm-none-eabi/7.3.1/thumb/v7e-m/fpv4-sp/hard/crti.o
                0x0000000008005554                _init
 .init          0x0000000008005558        0x8 c:/st/stm32cubeide_1.5.1/stm32cubeide/plugins/com.st.stm32cube.ide.mcu.externaltools.gnu-tools-for-stm32.7-2018-q2-update.win32_1.5.0.202011040924/tools/bin/../lib/gcc/arm-none-eabi/7.3.1/thumb/v7e-m/fpv4-sp/hard/crtn.o
 *(.fini)
 .fini          0x0000000008005560        0x4 c:/st/stm32cubeide_1.5.1/stm32cubeide/plugins/com.st.stm32cube.ide.mcu.externaltools.gnu-tools-for-stm32.7-2018-q2-update.win32_1.5.0.202011040924/tools/bin/../lib/gcc/arm-none-eabi/7.3.1/thumb/v7e-m/fpv4-sp/hard/crti.o
                0x0000000008005560                _fini
 .fini          0x0000000008005564        0x8 c:/st/stm32cubeide_1.5.1/stm32cubeide/plugins/com.st.stm32cube.ide.mcu.externaltools.gnu-tools-for-stm32.7-2018-q2-update.win32_1.5.0.202011040924/tools/bin/../lib/gcc/arm-none-eabi/7.3.1/thumb/v7e-m/fpv4-sp/hard/crtn.o
                0x000000000800556c                . = ALIGN (0x4)
                0x000000000800556c                _etext = .

.vfp11_veneer   0x000000000800556c        0x0
 .vfp11_veneer  0x000000000800556c        0x0 linker stubs

.v4_bx          0x000000000800556c        0x0
 .v4_bx         0x000000000800556c        0x0 linker stubs

.iplt           0x000000000800556c        0x0
 .iplt          0x000000000800556c        0x0 c:/st/stm32cubeide_1.5.1/stm32cubeide/plugins/com.st.stm32cube.ide.mcu.externaltools.gnu-tools-for-stm32.7-2018-q2-update.win32_1.5.0.202011040924/tools/bin/../lib/gcc/arm-none-eabi/7.3.1/thumb/v7e-m/fpv4-sp/hard/crtbegin.o

.rodata         0x000000000800556c       0xd4
                0x000000000800556c                . = ALIGN (0x4)
 *(.rodata)
 .rodata        0x000000000800556c       0x33 Core/Src/main.o
 *fill*         0x000000000800559f        0x1 
 .rodata        0x00000000080055a0       0x78 FreeRTOS/tasks.o
 .rodata        0x0000000008005618        0xd FreeRTOS/timers.o
 *(.rodata*)
 *fill*         0x0000000008005625        0x3 
 .rodata.AHBPrescTable
                0x0000000008005628       0x10 Core/Src/system_stm32f4xx.o
                0x0000000008005628                AHBPrescTable
 .rodata.APBPrescTable
                0x0000000008005638        0x8 Core/Src/system_stm32f4xx.o
                0x0000000008005638                APBPrescTable
                0x0000000008005640                . = ALIGN (0x4)

.ARM.extab      0x0000000008005640        0x0
                0x0000000008005640                . = ALIGN (0x4)
 *(.ARM.extab* .gnu.linkonce.armextab.*)
                0x0000000008005640                . = ALIGN (0x4)

.ARM            0x0000000008005640        0x8
                0x0000000008005640                . = ALIGN (0x4)
                0x0000000008005640                __exidx_start = .
 *(.ARM.exidx*)
 .ARM.exidx     0x0000000008005640        0x8 c:/st/stm32cubeide_1.5.1/stm32cubeide/plugins/com.st.stm32cube.ide.mcu.externaltools.gnu-tools-for-stm32.7-2018-q2-update.win32_1.5.0.202011040924/tools/bin/../lib/gcc/arm-none-eabi/7.3.1/thumb/v7e-m/fpv4-sp/hard\libgcc.a(_udivmoddi4.o)
                0x0000000008005648                __exidx_end = .
                0x0000000008005648                . = ALIGN (0x4)

.rel.dyn        0x0000000008005648        0x0
 .rel.iplt      0x0000000008005648        0x0 c:/st/stm32cubeide_1.5.1/stm32cubeide/plugins/com.st.stm32cube.ide.mcu.externaltools.gnu-tools-for-stm32.7-2018-q2-update.win32_1.5.0.202011040924/tools/bin/../lib/gcc/arm-none-eabi/7.3.1/thumb/v7e-m/fpv4-sp/hard/crtbegin.o

.preinit_array  0x0000000008005648        0x0
                0x0000000008005648                . = ALIGN (0x4)
                0x0000000008005648                PROVIDE (__preinit_array_start = .)
 *(.preinit_array*)
                0x0000000008005648                PROVIDE (__preinit_array_end = .)
                0x0000000008005648                . = ALIGN (0x4)

.init_array     0x0000000008005648        0x4
                0x0000000008005648                . = ALIGN (0x4)
                0x0000000008005648                PROVIDE (__init_array_start = .)
 *(SORT_BY_NAME(.init_array.*))
 *(.init_array*)
 .init_array    0x0000000008005648        0x4 c:/st/stm32cubeide_1.5.1/stm32cubeide/plugins/com.st.stm32cube.ide.mcu.externaltools.gnu-tools-for-stm32.7-2018-q2-update.win32_1.5.0.202011040924/tools/bin/../lib/gcc/arm-none-eabi/7.3.1/thumb/v7e-m/fpv4-sp/hard/crtbegin.o
                0x000000000800564c                PROVIDE (__init_array_end = .)
                0x000000000800564c                . = ALIGN (0x4)

.fini_array     0x000000000800564c        0x4
                0x000000000800564c                . = ALIGN (0x4)
                [!provide]                        PROVIDE (__fini_array_start = .)
 *(SORT_BY_NAME(.fini_array.*))
 *(.fini_array*)
 .fini_array    0x000000000800564c        0x4 c:/st/stm32cubeide_1.5.1/stm32cubeide/plugins/com.st.stm32cube.ide.mcu.externaltools.gnu-tools-for-stm32.7-2018-q2-update.win32_1.5.0.202011040924/tools/bin/../lib/gcc/arm-none-eabi/7.3.1/thumb/v7e-m/fpv4-sp/hard/crtbegin.o
                [!provide]                        PROVIDE (__fini_array_end = .)
                0x0000000008005650                . = ALIGN (0x4)
                0x0000000008005650                _sidata = LOADADDR (.data)

.data           0x0000000020000000       0x10 load address 0x0000000008005650
                0x0000000020000000                . = ALIGN (0x4)
                0x0000000020000000                _sdata = .
 *(.data)
 *(.data*)
 .data.SystemCoreClock
                0x0000000020000000        0x4 Core/Src/system_stm32f4xx.o
                0x0000000020000000                SystemCoreClock
 .data.uwTickPrio
                0x0000000020000004        0x4 Drivers/STM32F4xx_HAL_Driver/Src/stm32f4xx_hal.o
                0x0000000020000004                uwTickPrio
 .data.uwTickFreq
                0x0000000020000008        0x1 Drivers/STM32F4xx_HAL_Driver/Src/stm32f4xx_hal.o
                0x0000000020000008                uwTickFreq
 *fill*         0x0000000020000009        0x3 
 .data.uxCriticalNesting
                0x000000002000000c        0x4 FreeRTOS/portable/ARM_CM4F/port.o
 *(.RamFunc)
 *(.RamFunc*)
                0x0000000020000010                . = ALIGN (0x4)
                0x0000000020000010                _edata = .

.igot.plt       0x0000000020000010        0x0 load address 0x0000000008005660
 .igot.plt      0x0000000020000010        0x0 c:/st/stm32cubeide_1.5.1/stm32cubeide/plugins/com.st.stm32cube.ide.mcu.externaltools.gnu-tools-for-stm32.7-2018-q2-update.win32_1.5.0.202011040924/tools/bin/../lib/gcc/arm-none-eabi/7.3.1/thumb/v7e-m/fpv4-sp/hard/crtbegin.o
                0x0000000020000010                . = ALIGN (0x4)

.bss            0x0000000020000010    0x12f08 load address 0x0000000008005660
                0x0000000020000010                _sbss = .
                0x0000000020000010                __bss_start__ = _sbss
 *(.bss)
 .bss           0x0000000020000010       0x1c c:/st/stm32cubeide_1.5.1/stm32cubeide/plugins/com.st.stm32cube.ide.mcu.externaltools.gnu-tools-for-stm32.7-2018-q2-update.win32_1.5.0.202011040924/tools/bin/../lib/gcc/arm-none-eabi/7.3.1/thumb/v7e-m/fpv4-sp/hard/crtbegin.o
 *(.bss*)
 .bss.pxCurrentTCB
                0x000000002000002c        0x4 FreeRTOS/tasks.o
                0x000000002000002c                pxCurrentTCB
 .bss.pxReadyTasksLists
                0x0000000020000030      0x12c FreeRTOS/tasks.o
 .bss.xDelayedTaskList1
                0x000000002000015c       0x14 FreeRTOS/tasks.o
 .bss.xDelayedTaskList2
                0x0000000020000170       0x14 FreeRTOS/tasks.o
 .bss.pxDelayedTaskList
                0x0000000020000184        0x4 FreeRTOS/tasks.o
 .bss.pxOverflowDelayedTaskList
                0x0000000020000188        0x4 FreeRTOS/tasks.o
 .bss.xPendingReadyList
                0x000000002000018c       0x14 FreeRTOS/tasks.o
 .bss.xTasksWaitingTermination
                0x00000000200001a0       0x14 FreeRTOS/tasks.o
 .bss.uxDeletedTasksWaitingCleanUp
                0x00000000200001b4        0x4 FreeRTOS/tasks.o
 .bss.xSuspendedTaskList
                0x00000000200001b8       0x14 FreeRTOS/tasks.o
 .bss.uxCurrentNumberOfTasks
                0x00000000200001cc        0x4 FreeRTOS/tasks.o
 .bss.xTickCount
                0x00000000200001d0        0x4 FreeRTOS/tasks.o
 .bss.uxTopReadyPriority
                0x00000000200001d4        0x4 FreeRTOS/tasks.o
 .bss.xSchedulerRunning
                0x00000000200001d8        0x4 FreeRTOS/tasks.o
 .bss.uxPendedTicks
                0x00000000200001dc        0x4 FreeRTOS/tasks.o
 .bss.xYieldPending
                0x00000000200001e0        0x4 FreeRTOS/tasks.o
 .bss.xNumOfOverflows
                0x00000000200001e4        0x4 FreeRTOS/tasks.o
 .bss.uxTaskNumber
                0x00000000200001e8        0x4 FreeRTOS/tasks.o
 .bss.xNextTaskUnblockTime
                0x00000000200001ec        0x4 FreeRTOS/tasks.o
 .bss.xIdleTaskHandle
                0x00000000200001f0        0x4 FreeRTOS/tasks.o
 .bss.uxSchedulerSuspended
                0x00000000200001f4        0x4 FreeRTOS/tasks.o
 .bss.xActiveTimerList1
                0x00000000200001f8       0x14 FreeRTOS/timers.o
 .bss.xActiveTimerList2
                0x000000002000020c       0x14 FreeRTOS/timers.o
 .bss.pxCurrentTimerList
                0x0000000020000220        0x4 FreeRTOS/timers.o
 .bss.pxOverflowTimerList
                0x0000000020000224        0x4 FreeRTOS/timers.o
 .bss.xTimerQueue
                0x0000000020000228        0x4 FreeRTOS/timers.o
 .bss.xTimerTaskHandle
                0x000000002000022c        0x4 FreeRTOS/timers.o
 .bss.xLastTime.9281
                0x0000000020000230        0x4 FreeRTOS/timers.o
 .bss.ucMaxSysCallPriority
                0x0000000020000234        0x1 FreeRTOS/portable/ARM_CM4F/port.o
 *fill*         0x0000000020000235        0x3 
 .bss.ulMaxPRIGROUPValue
                0x0000000020000238        0x4 FreeRTOS/portable/ARM_CM4F/port.o
 .bss.ucHeap    0x000000002000023c    0x12c00 FreeRTOS/portable/MemMang/heap_4.o
 .bss.xStart    0x0000000020012e3c        0x8 FreeRTOS/portable/MemMang/heap_4.o
 .bss.pxEnd     0x0000000020012e44        0x4 FreeRTOS/portable/MemMang/heap_4.o
 .bss.xFreeBytesRemaining
                0x0000000020012e48        0x4 FreeRTOS/portable/MemMang/heap_4.o
 .bss.xMinimumEverFreeBytesRemaining
                0x0000000020012e4c        0x4 FreeRTOS/portable/MemMang/heap_4.o
 .bss.xBlockAllocatedBit
                0x0000000020012e50        0x4 FreeRTOS/portable/MemMang/heap_4.o
 *(COMMON)
 COMMON         0x0000000020012e54       0x40 Core/Src/main.o
                0x0000000020012e54                huart2
 COMMON         0x0000000020012e94       0x40 Core/Src/stm32f4xx_hal_timebase_tim.o
                0x0000000020012e94                htim6
 COMMON         0x0000000020012ed4        0x4 Drivers/STM32F4xx_HAL_Driver/Src/stm32f4xx_hal.o
                0x0000000020012ed4                uwTick
 COMMON         0x0000000020012ed8       0x40 FreeRTOS/queue.o
                0x0000000020012ed8                xQueueRegistry
                0x0000000020012f18                . = ALIGN (0x4)
                0x0000000020012f18                _ebss = .
                0x0000000020012f18                __bss_end__ = _ebss

._user_heap_stack
                0x0000000020012f18      0x600 load address 0x0000000008005660
                0x0000000020012f18                . = ALIGN (0x8)
                [!provide]                        PROVIDE (end = .)
                0x0000000020012f18                PROVIDE (_end = .)
                0x0000000020013118                . = (. + _Min_Heap_Size)
 *fill*         0x0000000020012f18      0x200 
                0x0000000020013518                . = (. + _Min_Stack_Size)
 *fill*         0x0000000020013118      0x400 
                0x0000000020013518                . = ALIGN (0x8)

/DISCARD/
 libc.a(*)
 libm.a(*)
 libgcc.a(*)

.ARM.attributes
                0x0000000000000000       0x30
 *(.ARM.attributes)
 .ARM.attributes
                0x0000000000000000       0x22 c:/st/stm32cubeide_1.5.1/stm32cubeide/plugins/com.st.stm32cube.ide.mcu.externaltools.gnu-tools-for-stm32.7-2018-q2-update.win32_1.5.0.202011040924/tools/bin/../lib/gcc/arm-none-eabi/7.3.1/thumb/v7e-m/fpv4-sp/hard/crti.o
 .ARM.attributes
                0x0000000000000022       0x34 c:/st/stm32cubeide_1.5.1/stm32cubeide/plugins/com.st.stm32cube.ide.mcu.externaltools.gnu-tools-for-stm32.7-2018-q2-update.win32_1.5.0.202011040924/tools/bin/../lib/gcc/arm-none-eabi/7.3.1/thumb/v7e-m/fpv4-sp/hard/crtbegin.o
 .ARM.attributes
                0x0000000000000056       0x39 Core/Src/main.o
 .ARM.attributes
                0x000000000000008f       0x39 Core/Src/stm32f4xx_hal_msp.o
 .ARM.attributes
                0x00000000000000c8       0x39 Core/Src/stm32f4xx_hal_timebase_tim.o
 .ARM.attributes
                0x0000000000000101       0x39 Core/Src/stm32f4xx_it.o
 .ARM.attributes
                0x000000000000013a       0x39 Core/Src/system_stm32f4xx.o
 .ARM.attributes
                0x0000000000000173       0x21 Core/Startup/startup_stm32f407vgtx.o
 .ARM.attributes
                0x0000000000000194       0x39 Drivers/STM32F4xx_HAL_Driver/Src/stm32f4xx_hal.o
 .ARM.attributes
                0x00000000000001cd       0x39 Drivers/STM32F4xx_HAL_Driver/Src/stm32f4xx_hal_cortex.o
 .ARM.attributes
                0x0000000000000206       0x39 Drivers/STM32F4xx_HAL_Driver/Src/stm32f4xx_hal_gpio.o
 .ARM.attributes
                0x000000000000023f       0x39 Drivers/STM32F4xx_HAL_Driver/Src/stm32f4xx_hal_rcc.o
 .ARM.attributes
                0x0000000000000278       0x39 Drivers/STM32F4xx_HAL_Driver/Src/stm32f4xx_hal_tim.o
 .ARM.attributes
                0x00000000000002b1       0x39 Drivers/STM32F4xx_HAL_Driver/Src/stm32f4xx_hal_tim_ex.o
 .ARM.attributes
                0x00000000000002ea       0x39 Drivers/STM32F4xx_HAL_Driver/Src/stm32f4xx_hal_uart.o
 .ARM.attributes
                0x0000000000000323       0x39 FreeRTOS/list.o
 .ARM.attributes
                0x000000000000035c       0x39 FreeRTOS/queue.o
 .ARM.attributes
                0x0000000000000395       0x39 FreeRTOS/tasks.o
 .ARM.attributes
                0x00000000000003ce       0x39 FreeRTOS/timers.o
 .ARM.attributes
                0x0000000000000407       0x39 FreeRTOS/portable/ARM_CM4F/port.o
 .ARM.attributes
                0x0000000000000440       0x39 FreeRTOS/portable/MemMang/heap_4.o
 .ARM.attributes
                0x0000000000000479       0x34 c:/st/stm32cubeide_1.5.1/stm32cubeide/plugins/com.st.stm32cube.ide.mcu.externaltools.gnu-tools-for-stm32.7-2018-q2-update.win32_1.5.0.202011040924/tools/bin/../lib/gcc/arm-none-eabi/7.3.1/../../../../arm-none-eabi/lib/thumb/v7e-m/fpv4-sp/hard\libc_nano.a(lib_a-init.o)
 .ARM.attributes
                0x00000000000004ad       0x34 c:/st/stm32cubeide_1.5.1/stm32cubeide/plugins/com.st.stm32cube.ide.mcu.externaltools.gnu-tools-for-stm32.7-2018-q2-update.win32_1.5.0.202011040924/tools/bin/../lib/gcc/arm-none-eabi/7.3.1/../../../../arm-none-eabi/lib/thumb/v7e-m/fpv4-sp/hard\libc_nano.a(lib_a-memcpy-stub.o)
 .ARM.attributes
                0x00000000000004e1       0x34 c:/st/stm32cubeide_1.5.1/stm32cubeide/plugins/com.st.stm32cube.ide.mcu.externaltools.gnu-tools-for-stm32.7-2018-q2-update.win32_1.5.0.202011040924/tools/bin/../lib/gcc/arm-none-eabi/7.3.1/../../../../arm-none-eabi/lib/thumb/v7e-m/fpv4-sp/hard\libc_nano.a(lib_a-memset.o)
 .ARM.attributes
                0x0000000000000515       0x34 c:/st/stm32cubeide_1.5.1/stm32cubeide/plugins/com.st.stm32cube.ide.mcu.externaltools.gnu-tools-for-stm32.7-2018-q2-update.win32_1.5.0.202011040924/tools/bin/../lib/gcc/arm-none-eabi/7.3.1/../../../../arm-none-eabi/lib/thumb/v7e-m/fpv4-sp/hard\libc_nano.a(lib_a-strcat.o)
 .ARM.attributes
                0x0000000000000549       0x1b c:/st/stm32cubeide_1.5.1/stm32cubeide/plugins/com.st.stm32cube.ide.mcu.externaltools.gnu-tools-for-stm32.7-2018-q2-update.win32_1.5.0.202011040924/tools/bin/../lib/gcc/arm-none-eabi/7.3.1/../../../../arm-none-eabi/lib/thumb/v7e-m/fpv4-sp/hard\libc_nano.a(lib_a-strlen.o)
 .ARM.attributes
                0x0000000000000564       0x34 c:/st/stm32cubeide_1.5.1/stm32cubeide/plugins/com.st.stm32cube.ide.mcu.externaltools.gnu-tools-for-stm32.7-2018-q2-update.win32_1.5.0.202011040924/tools/bin/../lib/gcc/arm-none-eabi/7.3.1/../../../../arm-none-eabi/lib/thumb/v7e-m/fpv4-sp/hard\libc_nano.a(lib_a-strncpy.o)
 .ARM.attributes
                0x0000000000000598       0x22 c:/st/stm32cubeide_1.5.1/stm32cubeide/plugins/com.st.stm32cube.ide.mcu.externaltools.gnu-tools-for-stm32.7-2018-q2-update.win32_1.5.0.202011040924/tools/bin/../lib/gcc/arm-none-eabi/7.3.1/thumb/v7e-m/fpv4-sp/hard\libgcc.a(_aeabi_uldivmod.o)
 .ARM.attributes
                0x00000000000005ba       0x34 c:/st/stm32cubeide_1.5.1/stm32cubeide/plugins/com.st.stm32cube.ide.mcu.externaltools.gnu-tools-for-stm32.7-2018-q2-update.win32_1.5.0.202011040924/tools/bin/../lib/gcc/arm-none-eabi/7.3.1/thumb/v7e-m/fpv4-sp/hard\libgcc.a(_udivmoddi4.o)
 .ARM.attributes
                0x00000000000005ee       0x22 c:/st/stm32cubeide_1.5.1/stm32cubeide/plugins/com.st.stm32cube.ide.mcu.externaltools.gnu-tools-for-stm32.7-2018-q2-update.win32_1.5.0.202011040924/tools/bin/../lib/gcc/arm-none-eabi/7.3.1/thumb/v7e-m/fpv4-sp/hard\libgcc.a(_dvmd_tls.o)
 .ARM.attributes
                0x0000000000000610       0x22 c:/st/stm32cubeide_1.5.1/stm32cubeide/plugins/com.st.stm32cube.ide.mcu.externaltools.gnu-tools-for-stm32.7-2018-q2-update.win32_1.5.0.202011040924/tools/bin/../lib/gcc/arm-none-eabi/7.3.1/thumb/v7e-m/fpv4-sp/hard/crtn.o
OUTPUT(Embedded_OS_Lab3_NE6091116.elf elf32-littlearm)

.debug_info     0x0000000000000000    0x131e7
 .debug_info    0x0000000000000000      0xe72 Core/Src/main.o
 .debug_info    0x0000000000000e72      0x941 Core/Src/stm32f4xx_hal_msp.o
 .debug_info    0x00000000000017b3      0xb2d Core/Src/stm32f4xx_hal_timebase_tim.o
 .debug_info    0x00000000000022e0      0x6b8 Core/Src/stm32f4xx_it.o
 .debug_info    0x0000000000002998      0x554 Core/Src/system_stm32f4xx.o
 .debug_info    0x0000000000002eec       0x22 Core/Startup/startup_stm32f407vgtx.o
 .debug_info    0x0000000000002f0e      0x945 Drivers/STM32F4xx_HAL_Driver/Src/stm32f4xx_hal.o
 .debug_info    0x0000000000003853      0xe28 Drivers/STM32F4xx_HAL_Driver/Src/stm32f4xx_hal_cortex.o
 .debug_info    0x000000000000467b      0x7b5 Drivers/STM32F4xx_HAL_Driver/Src/stm32f4xx_hal_gpio.o
 .debug_info    0x0000000000004e30      0x904 Drivers/STM32F4xx_HAL_Driver/Src/stm32f4xx_hal_rcc.o
 .debug_info    0x0000000000005734     0x24a9 Drivers/STM32F4xx_HAL_Driver/Src/stm32f4xx_hal_tim.o
 .debug_info    0x0000000000007bdd     0x1157 Drivers/STM32F4xx_HAL_Driver/Src/stm32f4xx_hal_tim_ex.o
 .debug_info    0x0000000000008d34     0x124c Drivers/STM32F4xx_HAL_Driver/Src/stm32f4xx_hal_uart.o
 .debug_info    0x0000000000009f80      0xacb FreeRTOS/list.o
 .debug_info    0x000000000000aa4b     0x244c FreeRTOS/queue.o
 .debug_info    0x000000000000ce97     0x2e29 FreeRTOS/tasks.o
 .debug_info    0x000000000000fcc0     0x198f FreeRTOS/timers.o
 .debug_info    0x000000000001164f      0xa81 FreeRTOS/portable/ARM_CM4F/port.o
 .debug_info    0x00000000000120d0     0x1117 FreeRTOS/portable/MemMang/heap_4.o

.debug_abbrev   0x0000000000000000     0x288d
 .debug_abbrev  0x0000000000000000      0x24e Core/Src/main.o
 .debug_abbrev  0x000000000000024e      0x18c Core/Src/stm32f4xx_hal_msp.o
 .debug_abbrev  0x00000000000003da      0x19d Core/Src/stm32f4xx_hal_timebase_tim.o
 .debug_abbrev  0x0000000000000577      0x15a Core/Src/stm32f4xx_it.o
 .debug_abbrev  0x00000000000006d1      0x12b Core/Src/system_stm32f4xx.o
 .debug_abbrev  0x00000000000007fc       0x12 Core/Startup/startup_stm32f407vgtx.o
 .debug_abbrev  0x000000000000080e      0x1c7 Drivers/STM32F4xx_HAL_Driver/Src/stm32f4xx_hal.o
 .debug_abbrev  0x00000000000009d5      0x2fa Drivers/STM32F4xx_HAL_Driver/Src/stm32f4xx_hal_cortex.o
 .debug_abbrev  0x0000000000000ccf      0x1c9 Drivers/STM32F4xx_HAL_Driver/Src/stm32f4xx_hal_gpio.o
 .debug_abbrev  0x0000000000000e98      0x245 Drivers/STM32F4xx_HAL_Driver/Src/stm32f4xx_hal_rcc.o
 .debug_abbrev  0x00000000000010dd      0x230 Drivers/STM32F4xx_HAL_Driver/Src/stm32f4xx_hal_tim.o
 .debug_abbrev  0x000000000000130d      0x21e Drivers/STM32F4xx_HAL_Driver/Src/stm32f4xx_hal_tim_ex.o
 .debug_abbrev  0x000000000000152b      0x242 Drivers/STM32F4xx_HAL_Driver/Src/stm32f4xx_hal_uart.o
 .debug_abbrev  0x000000000000176d      0x1cf FreeRTOS/list.o
 .debug_abbrev  0x000000000000193c      0x343 FreeRTOS/queue.o
 .debug_abbrev  0x0000000000001c7f      0x370 FreeRTOS/tasks.o
 .debug_abbrev  0x0000000000001fef      0x300 FreeRTOS/timers.o
 .debug_abbrev  0x00000000000022ef      0x2c1 FreeRTOS/portable/ARM_CM4F/port.o
 .debug_abbrev  0x00000000000025b0      0x2dd FreeRTOS/portable/MemMang/heap_4.o

.debug_aranges  0x0000000000000000     0x1028
 .debug_aranges
                0x0000000000000000       0x68 Core/Src/main.o
 .debug_aranges
                0x0000000000000068       0x30 Core/Src/stm32f4xx_hal_msp.o
 .debug_aranges
                0x0000000000000098       0x30 Core/Src/stm32f4xx_hal_timebase_tim.o
 .debug_aranges
                0x00000000000000c8       0x50 Core/Src/stm32f4xx_it.o
 .debug_aranges
                0x0000000000000118       0x28 Core/Src/system_stm32f4xx.o
 .debug_aranges
                0x0000000000000140       0x28 Core/Startup/startup_stm32f407vgtx.o
 .debug_aranges
                0x0000000000000168       0xf0 Drivers/STM32F4xx_HAL_Driver/Src/stm32f4xx_hal.o
 .debug_aranges
                0x0000000000000258      0x118 Drivers/STM32F4xx_HAL_Driver/Src/stm32f4xx_hal_cortex.o
 .debug_aranges
                0x0000000000000370       0x58 Drivers/STM32F4xx_HAL_Driver/Src/stm32f4xx_hal_gpio.o
 .debug_aranges
                0x00000000000003c8       0x88 Drivers/STM32F4xx_HAL_Driver/Src/stm32f4xx_hal_rcc.o
 .debug_aranges
                0x0000000000000450      0x3a8 Drivers/STM32F4xx_HAL_Driver/Src/stm32f4xx_hal_tim.o
 .debug_aranges
                0x00000000000007f8      0x150 Drivers/STM32F4xx_HAL_Driver/Src/stm32f4xx_hal_tim_ex.o
 .debug_aranges
                0x0000000000000948      0x1d0 Drivers/STM32F4xx_HAL_Driver/Src/stm32f4xx_hal_uart.o
 .debug_aranges
                0x0000000000000b18       0x40 FreeRTOS/list.o
 .debug_aranges
                0x0000000000000b58      0x130 FreeRTOS/queue.o
 .debug_aranges
                0x0000000000000c88      0x200 FreeRTOS/tasks.o
 .debug_aranges
                0x0000000000000e88       0xd0 FreeRTOS/timers.o
 .debug_aranges
                0x0000000000000f58       0x80 FreeRTOS/portable/ARM_CM4F/port.o
 .debug_aranges
                0x0000000000000fd8       0x50 FreeRTOS/portable/MemMang/heap_4.o

.debug_ranges   0x0000000000000000      0xf00
 .debug_ranges  0x0000000000000000       0x58 Core/Src/main.o
 .debug_ranges  0x0000000000000058       0x20 Core/Src/stm32f4xx_hal_msp.o
 .debug_ranges  0x0000000000000078       0x20 Core/Src/stm32f4xx_hal_timebase_tim.o
 .debug_ranges  0x0000000000000098       0x40 Core/Src/stm32f4xx_it.o
 .debug_ranges  0x00000000000000d8       0x18 Core/Src/system_stm32f4xx.o
 .debug_ranges  0x00000000000000f0       0x20 Core/Startup/startup_stm32f407vgtx.o
 .debug_ranges  0x0000000000000110       0xe0 Drivers/STM32F4xx_HAL_Driver/Src/stm32f4xx_hal.o
 .debug_ranges  0x00000000000001f0      0x108 Drivers/STM32F4xx_HAL_Driver/Src/stm32f4xx_hal_cortex.o
 .debug_ranges  0x00000000000002f8       0x48 Drivers/STM32F4xx_HAL_Driver/Src/stm32f4xx_hal_gpio.o
 .debug_ranges  0x0000000000000340       0x78 Drivers/STM32F4xx_HAL_Driver/Src/stm32f4xx_hal_rcc.o
 .debug_ranges  0x00000000000003b8      0x398 Drivers/STM32F4xx_HAL_Driver/Src/stm32f4xx_hal_tim.o
 .debug_ranges  0x0000000000000750      0x140 Drivers/STM32F4xx_HAL_Driver/Src/stm32f4xx_hal_tim_ex.o
 .debug_ranges  0x0000000000000890      0x1c0 Drivers/STM32F4xx_HAL_Driver/Src/stm32f4xx_hal_uart.o
 .debug_ranges  0x0000000000000a50       0x30 FreeRTOS/list.o
 .debug_ranges  0x0000000000000a80      0x120 FreeRTOS/queue.o
 .debug_ranges  0x0000000000000ba0      0x1f0 FreeRTOS/tasks.o
 .debug_ranges  0x0000000000000d90       0xc0 FreeRTOS/timers.o
 .debug_ranges  0x0000000000000e50       0x70 FreeRTOS/portable/ARM_CM4F/port.o
 .debug_ranges  0x0000000000000ec0       0x40 FreeRTOS/portable/MemMang/heap_4.o

.debug_macro    0x0000000000000000    0x21d70
 .debug_macro   0x0000000000000000      0x245 Core/Src/main.o
 .debug_macro   0x0000000000000245      0xa5a Core/Src/main.o
 .debug_macro   0x0000000000000c9f      0x294 Core/Src/main.o
 .debug_macro   0x0000000000000f33       0x2e Core/Src/main.o
 .debug_macro   0x0000000000000f61       0x2f Core/Src/main.o
 .debug_macro   0x0000000000000f90       0x22 Core/Src/main.o
 .debug_macro   0x0000000000000fb2       0x8e Core/Src/main.o
 .debug_macro   0x0000000000001040       0x51 Core/Src/main.o
 .debug_macro   0x0000000000001091       0xef Core/Src/main.o
 .debug_macro   0x0000000000001180       0x6a Core/Src/main.o
 .debug_macro   0x00000000000011ea      0x1df Core/Src/main.o
 .debug_macro   0x00000000000013c9       0x1c Core/Src/main.o
 .debug_macro   0x00000000000013e5       0x22 Core/Src/main.o
 .debug_macro   0x0000000000001407       0xdf Core/Src/main.o
 .debug_macro   0x00000000000014e6     0x102d Core/Src/main.o
 .debug_macro   0x0000000000002513      0x11f Core/Src/main.o
 .debug_macro   0x0000000000002632    0x15e3c Core/Src/main.o
 .debug_macro   0x000000000001846e       0x43 Core/Src/main.o
 .debug_macro   0x00000000000184b1     0x3659 Core/Src/main.o
 .debug_macro   0x000000000001bb0a      0x174 Core/Src/main.o
 .debug_macro   0x000000000001bc7e       0x5a Core/Src/main.o
 .debug_macro   0x000000000001bcd8      0x96b Core/Src/main.o
 .debug_macro   0x000000000001c643      0x9fe Core/Src/main.o
 .debug_macro   0x000000000001d041      0x117 Core/Src/main.o
 .debug_macro   0x000000000001d158      0x13e Core/Src/main.o
 .debug_macro   0x000000000001d296       0x27 Core/Src/main.o
 .debug_macro   0x000000000001d2bd      0x174 Core/Src/main.o
 .debug_macro   0x000000000001d431      0x287 Core/Src/main.o
 .debug_macro   0x000000000001d6b8       0x5f Core/Src/main.o
 .debug_macro   0x000000000001d717      0x236 Core/Src/main.o
 .debug_macro   0x000000000001d94d      0x12c Core/Src/main.o
 .debug_macro   0x000000000001da79      0x21e Core/Src/main.o
 .debug_macro   0x000000000001dc97       0x2e Core/Src/main.o
 .debug_macro   0x000000000001dcc5      0x11a Core/Src/main.o
 .debug_macro   0x000000000001dddf       0x7e Core/Src/main.o
 .debug_macro   0x000000000001de5d       0x89 Core/Src/main.o
 .debug_macro   0x000000000001dee6      0x8a0 Core/Src/main.o
 .debug_macro   0x000000000001e786       0x47 Core/Src/main.o
 .debug_macro   0x000000000001e7cd      0x287 Core/Src/main.o
 .debug_macro   0x000000000001ea54      0x12d Core/Src/main.o
 .debug_macro   0x000000000001eb81       0x1c Core/Src/main.o
 .debug_macro   0x000000000001eb9d      0x106 Core/Src/main.o
 .debug_macro   0x000000000001eca3      0x15a Core/Src/main.o
 .debug_macro   0x000000000001edfd       0xe4 Core/Src/main.o
 .debug_macro   0x000000000001eee1       0x1c Core/Src/main.o
 .debug_macro   0x000000000001eefd       0x26 Core/Src/main.o
 .debug_macro   0x000000000001ef23      0x4d3 Core/Src/main.o
 .debug_macro   0x000000000001f3f6       0xbc Core/Src/main.o
 .debug_macro   0x000000000001f4b2       0xaa Core/Src/main.o
 .debug_macro   0x000000000001f55c      0x1dd Core/Src/stm32f4xx_hal_msp.o
 .debug_macro   0x000000000001f739      0x1ce Core/Src/stm32f4xx_hal_timebase_tim.o
 .debug_macro   0x000000000001f907      0x1e7 Core/Src/stm32f4xx_it.o
 .debug_macro   0x000000000001faee      0x1d4 Core/Src/system_stm32f4xx.o
 .debug_macro   0x000000000001fcc2      0x22e Drivers/STM32F4xx_HAL_Driver/Src/stm32f4xx_hal.o
 .debug_macro   0x000000000001fef0      0x1ce Drivers/STM32F4xx_HAL_Driver/Src/stm32f4xx_hal_cortex.o
 .debug_macro   0x00000000000200be      0x204 Drivers/STM32F4xx_HAL_Driver/Src/stm32f4xx_hal_gpio.o
 .debug_macro   0x00000000000202c2      0x1f2 Drivers/STM32F4xx_HAL_Driver/Src/stm32f4xx_hal_rcc.o
 .debug_macro   0x00000000000204b4      0x1cf Drivers/STM32F4xx_HAL_Driver/Src/stm32f4xx_hal_tim.o
 .debug_macro   0x0000000000020683      0x1ce Drivers/STM32F4xx_HAL_Driver/Src/stm32f4xx_hal_tim_ex.o
 .debug_macro   0x0000000000020851      0x1cf Drivers/STM32F4xx_HAL_Driver/Src/stm32f4xx_hal_uart.o
 .debug_macro   0x0000000000020a20      0x17a FreeRTOS/list.o
 .debug_macro   0x0000000000020b9a      0x36f FreeRTOS/queue.o
 .debug_macro   0x0000000000020f09       0x16 FreeRTOS/queue.o
 .debug_macro   0x0000000000020f1f       0x20 FreeRTOS/queue.o
 .debug_macro   0x0000000000020f3f       0x80 FreeRTOS/queue.o
 .debug_macro   0x0000000000020fbf      0x3d2 FreeRTOS/tasks.o
 .debug_macro   0x0000000000021391       0x10 FreeRTOS/tasks.o
 .debug_macro   0x00000000000213a1      0x335 FreeRTOS/timers.o
 .debug_macro   0x00000000000216d6       0x97 FreeRTOS/timers.o
 .debug_macro   0x000000000002176d      0x2fc FreeRTOS/portable/ARM_CM4F/port.o
 .debug_macro   0x0000000000021a69      0x307 FreeRTOS/portable/MemMang/heap_4.o

.debug_line     0x0000000000000000     0xd358
 .debug_line    0x0000000000000000      0x907 Core/Src/main.o
 .debug_line    0x0000000000000907      0x6f0 Core/Src/stm32f4xx_hal_msp.o
 .debug_line    0x0000000000000ff7      0x6f5 Core/Src/stm32f4xx_hal_timebase_tim.o
 .debug_line    0x00000000000016ec      0x747 Core/Src/stm32f4xx_it.o
 .debug_line    0x0000000000001e33      0x6dc Core/Src/system_stm32f4xx.o
 .debug_line    0x000000000000250f       0x85 Core/Startup/startup_stm32f407vgtx.o
 .debug_line    0x0000000000002594      0x8c6 Drivers/STM32F4xx_HAL_Driver/Src/stm32f4xx_hal.o
 .debug_line    0x0000000000002e5a      0x9ea Drivers/STM32F4xx_HAL_Driver/Src/stm32f4xx_hal_cortex.o
 .debug_line    0x0000000000003844      0x8a5 Drivers/STM32F4xx_HAL_Driver/Src/stm32f4xx_hal_gpio.o
 .debug_line    0x00000000000040e9      0x91e Drivers/STM32F4xx_HAL_Driver/Src/stm32f4xx_hal_rcc.o
 .debug_line    0x0000000000004a07     0x193f Drivers/STM32F4xx_HAL_Driver/Src/stm32f4xx_hal_tim.o
 .debug_line    0x0000000000006346      0xcdc Drivers/STM32F4xx_HAL_Driver/Src/stm32f4xx_hal_tim_ex.o
 .debug_line    0x0000000000007022      0xfd4 Drivers/STM32F4xx_HAL_Driver/Src/stm32f4xx_hal_uart.o
 .debug_line    0x0000000000007ff6      0x687 FreeRTOS/list.o
 .debug_line    0x000000000000867d     0x12ee FreeRTOS/queue.o
 .debug_line    0x000000000000996b     0x182b FreeRTOS/tasks.o
 .debug_line    0x000000000000b196      0xd11 FreeRTOS/timers.o
 .debug_line    0x000000000000bea7      0xa2b FreeRTOS/portable/ARM_CM4F/port.o
 .debug_line    0x000000000000c8d2      0xa86 FreeRTOS/portable/MemMang/heap_4.o

.debug_str      0x0000000000000000    0xcffcd
 .debug_str     0x0000000000000000    0xc6789 Core/Src/main.o
                                      0xc6ab8 (size before relaxing)
 .debug_str     0x00000000000c6789       0x56 Core/Src/stm32f4xx_hal_msp.o
                                      0xc28cb (size before relaxing)
 .debug_str     0x00000000000c67df      0x57b Core/Src/stm32f4xx_hal_timebase_tim.o
                                      0xc2dc2 (size before relaxing)
 .debug_str     0x00000000000c6d5a       0xa6 Core/Src/stm32f4xx_it.o
                                      0xc27c5 (size before relaxing)
 .debug_str     0x00000000000c6e00       0xc4 Core/Src/system_stm32f4xx.o
                                      0xc244c (size before relaxing)
 .debug_str     0x00000000000c6ec4       0x36 Core/Startup/startup_stm32f407vgtx.o
                                         0x83 (size before relaxing)
 .debug_str     0x00000000000c6efa      0x542 Drivers/STM32F4xx_HAL_Driver/Src/stm32f4xx_hal.o
                                      0xc2f19 (size before relaxing)
 .debug_str     0x00000000000c743c      0x392 Drivers/STM32F4xx_HAL_Driver/Src/stm32f4xx_hal_cortex.o
                                      0xc2d08 (size before relaxing)
 .debug_str     0x00000000000c77ce      0x20c Drivers/STM32F4xx_HAL_Driver/Src/stm32f4xx_hal_gpio.o
                                      0xc268b (size before relaxing)
 .debug_str     0x00000000000c79da      0x24f Drivers/STM32F4xx_HAL_Driver/Src/stm32f4xx_hal_rcc.o
                                      0xc2839 (size before relaxing)
 .debug_str     0x00000000000c7c29      0xd6f Drivers/STM32F4xx_HAL_Driver/Src/stm32f4xx_hal_tim.o
                                      0xc3558 (size before relaxing)
 .debug_str     0x00000000000c8998      0x4ec Drivers/STM32F4xx_HAL_Driver/Src/stm32f4xx_hal_tim_ex.o
                                      0xc2d58 (size before relaxing)
 .debug_str     0x00000000000c8e84      0x516 Drivers/STM32F4xx_HAL_Driver/Src/stm32f4xx_hal_uart.o
                                      0xc2c98 (size before relaxing)
 .debug_str     0x00000000000c939a     0x30d4 FreeRTOS/list.o
                                       0xa847 (size before relaxing)
 .debug_str     0x00000000000cc46e     0x107a FreeRTOS/queue.o
                                      0xca675 (size before relaxing)
 .debug_str     0x00000000000cd4e8     0x1bd6 FreeRTOS/tasks.o
                                      0xcb3ef (size before relaxing)
 .debug_str     0x00000000000cf0be      0x4fd FreeRTOS/timers.o
                                      0xcaa76 (size before relaxing)
 .debug_str     0x00000000000cf5bb      0x7e0 FreeRTOS/portable/ARM_CM4F/port.o
                                      0xc6d72 (size before relaxing)
 .debug_str     0x00000000000cfd9b      0x232 FreeRTOS/portable/MemMang/heap_4.o
                                      0xc9766 (size before relaxing)

.comment        0x0000000000000000       0x7b
 .comment       0x0000000000000000       0x7b Core/Src/main.o
                                         0x7c (size before relaxing)
 .comment       0x000000000000007b       0x7c Core/Src/stm32f4xx_hal_msp.o
 .comment       0x000000000000007b       0x7c Core/Src/stm32f4xx_hal_timebase_tim.o
 .comment       0x000000000000007b       0x7c Core/Src/stm32f4xx_it.o
 .comment       0x000000000000007b       0x7c Core/Src/system_stm32f4xx.o
 .comment       0x000000000000007b       0x7c Drivers/STM32F4xx_HAL_Driver/Src/stm32f4xx_hal.o
 .comment       0x000000000000007b       0x7c Drivers/STM32F4xx_HAL_Driver/Src/stm32f4xx_hal_cortex.o
 .comment       0x000000000000007b       0x7c Drivers/STM32F4xx_HAL_Driver/Src/stm32f4xx_hal_gpio.o
 .comment       0x000000000000007b       0x7c Drivers/STM32F4xx_HAL_Driver/Src/stm32f4xx_hal_rcc.o
 .comment       0x000000000000007b       0x7c Drivers/STM32F4xx_HAL_Driver/Src/stm32f4xx_hal_tim.o
 .comment       0x000000000000007b       0x7c Drivers/STM32F4xx_HAL_Driver/Src/stm32f4xx_hal_tim_ex.o
 .comment       0x000000000000007b       0x7c Drivers/STM32F4xx_HAL_Driver/Src/stm32f4xx_hal_uart.o
 .comment       0x000000000000007b       0x7c FreeRTOS/list.o
 .comment       0x000000000000007b       0x7c FreeRTOS/queue.o
 .comment       0x000000000000007b       0x7c FreeRTOS/tasks.o
 .comment       0x000000000000007b       0x7c FreeRTOS/timers.o
 .comment       0x000000000000007b       0x7c FreeRTOS/portable/ARM_CM4F/port.o
 .comment       0x000000000000007b       0x7c FreeRTOS/portable/MemMang/heap_4.o

.debug_frame    0x0000000000000000     0x43b0
 .debug_frame   0x0000000000000000      0x150 Core/Src/main.o
 .debug_frame   0x0000000000000150       0x80 Core/Src/stm32f4xx_hal_msp.o
 .debug_frame   0x00000000000001d0       0x74 Core/Src/stm32f4xx_hal_timebase_tim.o
 .debug_frame   0x0000000000000244       0xc4 Core/Src/stm32f4xx_it.o
 .debug_frame   0x0000000000000308       0x58 Core/Src/system_stm32f4xx.o
 .debug_frame   0x0000000000000360      0x374 Drivers/STM32F4xx_HAL_Driver/Src/stm32f4xx_hal.o
 .debug_frame   0x00000000000006d4      0x498 Drivers/STM32F4xx_HAL_Driver/Src/stm32f4xx_hal_cortex.o
 .debug_frame   0x0000000000000b6c      0x14c Drivers/STM32F4xx_HAL_Driver/Src/stm32f4xx_hal_gpio.o
 .debug_frame   0x0000000000000cb8      0x1f0 Drivers/STM32F4xx_HAL_Driver/Src/stm32f4xx_hal_rcc.o
 .debug_frame   0x0000000000000ea8     0x10f0 Drivers/STM32F4xx_HAL_Driver/Src/stm32f4xx_hal_tim.o
 .debug_frame   0x0000000000001f98      0x5c0 Drivers/STM32F4xx_HAL_Driver/Src/stm32f4xx_hal_tim_ex.o
 .debug_frame   0x0000000000002558      0x844 Drivers/STM32F4xx_HAL_Driver/Src/stm32f4xx_hal_uart.o
 .debug_frame   0x0000000000002d9c       0xd8 FreeRTOS/list.o
 .debug_frame   0x0000000000002e74      0x530 FreeRTOS/queue.o
 .debug_frame   0x00000000000033a4      0x8cc FreeRTOS/tasks.o
 .debug_frame   0x0000000000003c70      0x368 FreeRTOS/timers.o
 .debug_frame   0x0000000000003fd8      0x1a8 FreeRTOS/portable/ARM_CM4F/port.o
 .debug_frame   0x0000000000004180      0x108 FreeRTOS/portable/MemMang/heap_4.o
 .debug_frame   0x0000000000004288       0x2c c:/st/stm32cubeide_1.5.1/stm32cubeide/plugins/com.st.stm32cube.ide.mcu.externaltools.gnu-tools-for-stm32.7-2018-q2-update.win32_1.5.0.202011040924/tools/bin/../lib/gcc/arm-none-eabi/7.3.1/../../../../arm-none-eabi/lib/thumb/v7e-m/fpv4-sp/hard\libc_nano.a(lib_a-init.o)
 .debug_frame   0x00000000000042b4       0x28 c:/st/stm32cubeide_1.5.1/stm32cubeide/plugins/com.st.stm32cube.ide.mcu.externaltools.gnu-tools-for-stm32.7-2018-q2-update.win32_1.5.0.202011040924/tools/bin/../lib/gcc/arm-none-eabi/7.3.1/../../../../arm-none-eabi/lib/thumb/v7e-m/fpv4-sp/hard\libc_nano.a(lib_a-memcpy-stub.o)
 .debug_frame   0x00000000000042dc       0x20 c:/st/stm32cubeide_1.5.1/stm32cubeide/plugins/com.st.stm32cube.ide.mcu.externaltools.gnu-tools-for-stm32.7-2018-q2-update.win32_1.5.0.202011040924/tools/bin/../lib/gcc/arm-none-eabi/7.3.1/../../../../arm-none-eabi/lib/thumb/v7e-m/fpv4-sp/hard\libc_nano.a(lib_a-memset.o)
 .debug_frame   0x00000000000042fc       0x28 c:/st/stm32cubeide_1.5.1/stm32cubeide/plugins/com.st.stm32cube.ide.mcu.externaltools.gnu-tools-for-stm32.7-2018-q2-update.win32_1.5.0.202011040924/tools/bin/../lib/gcc/arm-none-eabi/7.3.1/../../../../arm-none-eabi/lib/thumb/v7e-m/fpv4-sp/hard\libc_nano.a(lib_a-strcat.o)
 .debug_frame   0x0000000000004324       0x2c c:/st/stm32cubeide_1.5.1/stm32cubeide/plugins/com.st.stm32cube.ide.mcu.externaltools.gnu-tools-for-stm32.7-2018-q2-update.win32_1.5.0.202011040924/tools/bin/../lib/gcc/arm-none-eabi/7.3.1/../../../../arm-none-eabi/lib/thumb/v7e-m/fpv4-sp/hard\libc_nano.a(lib_a-strncpy.o)
 .debug_frame   0x0000000000004350       0x2c c:/st/stm32cubeide_1.5.1/stm32cubeide/plugins/com.st.stm32cube.ide.mcu.externaltools.gnu-tools-for-stm32.7-2018-q2-update.win32_1.5.0.202011040924/tools/bin/../lib/gcc/arm-none-eabi/7.3.1/thumb/v7e-m/fpv4-sp/hard\libgcc.a(_aeabi_uldivmod.o)
 .debug_frame   0x000000000000437c       0x34 c:/st/stm32cubeide_1.5.1/stm32cubeide/plugins/com.st.stm32cube.ide.mcu.externaltools.gnu-tools-for-stm32.7-2018-q2-update.win32_1.5.0.202011040924/tools/bin/../lib/gcc/arm-none-eabi/7.3.1/thumb/v7e-m/fpv4-sp/hard\libgcc.a(_udivmoddi4.o)
